npm : 此时不应有 )。
所在位置 行:1 字符: 39
+ ... orkspace\agent-system"; npm run build > build-output.txt 2>&1; Select ...
+                             ~~~~~~~~~~~~~~~~~~~~~~~~~~~~~~~~~~~~~
    + CategoryInfo          : NotSpecified: (此时不应有 )。:String) [], RemoteException
    + FullyQualifiedErrorId : NativeCommandError
 
